Row │ nk     λ          μ        κ        s0       α        niter  solved  cond
     │ Int64  Float64    Float64  Float64  Float64  Float64  Int64  Bool    Float64
─────┼───────────────────────────────────────────────────────────────────────────────
   1 │     2      0.01      0.01   1.0e-8   1.0e-9   0.0001     76    true   9.08094
   2 │     2      0.01      1.0    1.0e-8   1.0e-9   0.0001     73    true  13.3445
   3 │     2      0.01    100.0    1.0e-8   1.0e-9   0.0001     67    true  13.5082
   4 │     2      0.01      0.01   1.0e-8   1.0e-9   0.01       66    true  10.9266
   5 │     2      0.01      1.0    1.0e-8   1.0e-9   0.01       78    true  16.361
   6 │     2      0.01    100.0    1.0e-8   1.0e-9   0.01       86    true   9.03756
   7 │     2      0.01      0.01   1.0e-8   1.0e-9   1.0        68    true  12.002
   8 │     2      0.01      1.0    1.0e-8   1.0e-9   1.0        81    true  18.8105
   9 │     2      0.01    100.0    1.0e-8   1.0e-9   1.0        77    true  18.397
  10 │     2      0.01      0.01   1.0e-8   0.001    0.0001     40    true   7.45656
  11 │     2      0.01      1.0    1.0e-8   0.001    0.0001     40    true   8.63923
  12 │     2      0.01    100.0    1.0e-8   0.001    0.0001     40    true   8.66283
  13 │     2      0.01      0.01   1.0e-8   0.001    0.01       62    true   7.81078
  14 │     2      0.01      1.0    1.0e-8   0.001    0.01       49    true   8.55973
  15 │     2      0.01    100.0    1.0e-8   0.001    0.01       42    true   8.66193
  16 │     2      0.01      0.01   1.0e-8   0.001    1.0        68    true  12.0015
  17 │     2      0.01      1.0    1.0e-8   0.001    1.0        81    true  18.7306
  18 │     2      0.01    100.0    1.0e-8   0.001    1.0        73    true  13.1796
  19 │     2      0.01      0.01   1.0e-5   1.0e-9   0.0001     64    true  11.4556
  20 │     2      0.01      1.0    1.0e-5   1.0e-9   0.0001     65    true  13.4419
  21 │     2      0.01    100.0    1.0e-5   1.0e-9   0.0001     63    true  13.4811
  22 │     2      0.01      0.01   1.0e-5   1.0e-9   0.01       73    true   7.21043
  23 │     2      0.01      1.0    1.0e-5   1.0e-9   0.01       78    true  12.4512
  24 │     2      0.01    100.0    1.0e-5   1.0e-9   0.01       69    true  13.4662
  25 │     2      0.01      0.01   1.0e-5   1.0e-9   1.0        68    true  12.0005
  26 │     2      0.01      1.0    1.0e-5   1.0e-9   1.0        81    true  18.5814
  27 │     2      0.01    100.0    1.0e-5   1.0e-9   1.0        79    true  11.3002
  28 │     2      0.01      0.01   1.0e-5   0.001    0.0001     54    true   8.19484
  29 │     2      0.01      1.0    1.0e-5   0.001    0.0001     55    true   9.6123
  30 │     2      0.01    100.0    1.0e-5   0.001    0.0001     52    true   9.64025
  31 │     2      0.01      0.01   1.0e-5   0.001    0.01       68    true   7.23111
  32 │     2      0.01      1.0    1.0e-5   0.001    0.01       64    true   9.36084
  33 │     2      0.01    100.0    1.0e-5   0.001    0.01       57    true   9.63755
  34 │     2      0.01      0.01   1.0e-5   0.001    1.0        68    true  12.0
  35 │     2      0.01      1.0    1.0e-5   0.001    1.0        81    true  18.5037
  36 │     2      0.01    100.0    1.0e-5   0.001    1.0        77    true   9.33874
  37 │     2      0.01      0.01   0.001    1.0e-9   0.0001     60    true   9.98092
  38 │     2      0.01      1.0    0.001    1.0e-9   0.0001     60    true  11.7064
  39 │     2      0.01    100.0    0.001    1.0e-9   0.0001     57    true  11.7404
  40 │     2      0.01      0.01   0.001    1.0e-9   0.01       67    true   9.15619
  41 │     2      0.01      1.0    0.001    1.0e-9   0.01       63    true  11.6233
  42 │     2      0.01    100.0    0.001    1.0e-9   0.01       60    true  11.7394
  43 │     2      0.01      0.01   0.001    1.0e-9   1.0        68    true  11.8657
  44 │     2      0.01      1.0    0.001    1.0e-9   1.0        76    true  11.8232
  45 │     2      0.01    100.0    0.001    1.0e-9   1.0        72    true  10.2063
  46 │     2      0.01      0.01   0.001    0.001    0.0001     60    true   9.63007
  47 │     2      0.01      1.0    0.001    0.001    0.0001     59    true  11.2945
  48 │     2      0.01    100.0    0.001    0.001    0.0001     57    true  11.3274
  49 │     2      0.01      0.01   0.001    0.001    0.01       66    true   9.08204
  50 │     2      0.01      1.0    0.001    0.001    0.01       63    true  11.2712
  51 │     2      0.01    100.0    0.001    0.001    0.01       60    true  11.3271
  52 │     2      0.01      0.01   0.001    0.001    1.0        68    true  11.8651
  53 │     2      0.01      1.0    0.001    0.001    1.0        76    true  11.7963
  54 │     2      0.01    100.0    0.001    0.001    1.0        72    true  10.138
  55 │     2      1.0       0.01   1.0e-8   1.0e-9   0.0001     62    true   9.39507
  56 │     2      1.0       1.0    1.0e-8   1.0e-9   0.0001     66    true  11.4372
  57 │     2      1.0     100.0    1.0e-8   1.0e-9   0.0001     67    true  13.469
  58 │     2      1.0       0.01   1.0e-8   1.0e-9   0.01       43    true   6.32591
  59 │     2      1.0       1.0    1.0e-8   1.0e-9   0.01       68    true   9.7499
  60 │     2      1.0     100.0    1.0e-8   1.0e-9   0.01       86    true   9.03697
  61 │     2      1.0       0.01   1.0e-8   1.0e-9   1.0        38    true   6.33804
  62 │     2      1.0       1.0    1.0e-8   1.0e-9   1.0        68    true  10.875
  63 │     2      1.0     100.0    1.0e-8   1.0e-9   1.0        77    true  18.253
  64 │     2      1.0       0.01   1.0e-8   0.001    0.0001     36    true   6.32869
  65 │     2      1.0       1.0    1.0e-8   0.001    0.0001     37    true   7.45675
  66 │     2      1.0     100.0    1.0e-8   0.001    0.0001     40    true   8.63923
  67 │     2      1.0       0.01   1.0e-8   0.001    0.01       40    true   6.32843
  68 │     2      1.0       1.0    1.0e-8   0.001    0.01       44    true   7.43872
  69 │     2      1.0     100.0    1.0e-8   0.001    0.01       42    true   8.63835
  70 │     2      1.0       0.01   1.0e-8   0.001    1.0        38    true   6.33804
  71 │     2      1.0       1.0    1.0e-8   0.001    1.0        68    true  10.8228
  72 │     2      1.0     100.0    1.0e-8   0.001    1.0        73    true  13.0759
  73 │     2      1.0       0.01   1.0e-5   1.0e-9   0.0001     59    true   9.43704
  74 │     2      1.0       1.0    1.0e-5   1.0e-9   0.0001     61    true  11.4611
  75 │     2      1.0     100.0    1.0e-5   1.0e-9   0.0001     63    true  13.442
  76 │     2      1.0       0.01   1.0e-5   1.0e-9   0.01       63    true   8.93709
  77 │     2      1.0       1.0    1.0e-5   1.0e-9   0.01       71    true  11.0547
  78 │     2      1.0     100.0    1.0e-5   1.0e-9   0.01       69    true  13.4274
  79 │     2      1.0       0.01   1.0e-5   1.0e-9   1.0        38    true   6.33805
  80 │     2      1.0       1.0    1.0e-5   1.0e-9   1.0        68    true  10.7308
  81 │     2      1.0     100.0    1.0e-5   1.0e-9   1.0        79    true  11.2152
  82 │     2      1.0       0.01   1.0e-5   0.001    0.0001     52    true   6.74843
  83 │     2      1.0       1.0    1.0e-5   0.001    0.0001     52    true   8.19583
  84 │     2      1.0     100.0    1.0e-5   0.001    0.0001     52    true   9.61232
  85 │     2      1.0       0.01   1.0e-5   0.001    0.01       53    true   6.61342
  86 │     2      1.0       1.0    1.0e-5   0.001    0.01       58    true   8.09798
  87 │     2      1.0     100.0    1.0e-5   0.001    0.01       57    true   9.60967
  88 │     2      1.0       0.01   1.0e-5   0.001    1.0        38    true   6.33806
  89 │     2      1.0       1.0    1.0e-5   0.001    1.0        68    true  10.6803
  90 │     2      1.0     100.0    1.0e-5   0.001    1.0        77    true   9.27006
  91 │     2      1.0       0.01   0.001    1.0e-9   0.0001     57    true   8.2186
  92 │     2      1.0       1.0    0.001    1.0e-9   0.0001     58    true   9.98132
  93 │     2      1.0     100.0    0.001    1.0e-9   0.0001     57    true  11.7064
  94 │     2      1.0       0.01   0.001    1.0e-9   0.01       59    true   8.16054
  95 │     2      1.0       1.0    0.001    1.0e-9   0.01       60    true   9.94351
  96 │     2      1.0     100.0    0.001    1.0e-9   0.01       60    true  11.7054
  97 │     2      1.0       0.01   0.001    1.0e-9   1.0        38    true   6.3394
  98 │     2      1.0       1.0    0.001    1.0e-9   1.0        65    true   8.13551
  99 │     2      1.0     100.0    0.001    1.0e-9   1.0        72    true  10.1875
 100 │     2      1.0       0.01   0.001    0.001    0.0001     56    true   7.92946
 101 │     2      1.0       1.0    0.001    0.001    0.0001     58    true   9.63017
 102 │     2      1.0     100.0    0.001    0.001    0.0001     57    true  11.2945
 103 │     2      1.0       0.01   0.001    0.001    0.01       59    true   7.91456
 104 │     2      1.0       1.0    0.001    0.001    0.01       60    true   9.62059
 105 │     2      1.0     100.0    0.001    0.001    0.01       60    true  11.2943
 106 │     2      1.0       0.01   0.001    0.001    1.0        38    true   6.3394
 107 │     2      1.0       1.0    0.001    0.001    1.0        65    true   8.13464
 108 │     2      1.0     100.0    0.001    0.001    1.0        72    true  10.1191
 109 │     2  10000.0       0.01   1.0e-8   1.0e-9   0.0001     55    true   9.41594
 110 │     2  10000.0       1.0    1.0e-8   1.0e-9   0.0001     54    true   9.41635
 111 │     2  10000.0     100.0    1.0e-8   1.0e-9   0.0001     56    true   9.45707
 112 │     2  10000.0       0.01   1.0e-8   1.0e-9   0.01       57    true   9.35381
 113 │     2  10000.0       1.0    1.0e-8   1.0e-9   0.01       59    true   9.35422
 114 │     2  10000.0     100.0    1.0e-8   1.0e-9   0.01       62    true   9.39507
 115 │     2  10000.0       0.01   1.0e-8   1.0e-9   1.0        34    true   6.30826
 116 │     2  10000.0       1.0    1.0e-8   1.0e-9   1.0        39    true   6.30844
 117 │     2  10000.0     100.0    1.0e-8   1.0e-9   1.0        43    true   6.32591
 118 │     2  10000.0       0.01   1.0e-8   0.001    0.0001     36    true   6.30826
 119 │     2  10000.0       1.0    1.0e-8   0.001    0.0001     35    true   6.30847
 120 │     2  10000.0     100.0    1.0e-8   0.001    0.0001     35    true   6.32869
 121 │     2  10000.0       0.01   1.0e-8   0.001    0.01       36    true   6.30826
 122 │     2  10000.0       1.0    1.0e-8   0.001    0.01       36    true   6.30847
 123 │     2  10000.0     100.0    1.0e-8   0.001    0.01       36    true   6.32869
 124 │     2  10000.0       0.01   1.0e-8   0.001    1.0        34    true   6.30826
 125 │     2  10000.0       1.0    1.0e-8   0.001    1.0        37    true   6.30846
 126 │     2  10000.0     100.0    1.0e-8   0.001    1.0        40    true   6.32843
 127 │     2  10000.0       0.01   1.0e-5   1.0e-9   0.0001     56    true   9.39608
 128 │     2  10000.0       1.0    1.0e-5   1.0e-9   0.0001     56    true   9.39649
 129 │     2  10000.0     100.0    1.0e-5   1.0e-9   0.0001     53    true   9.43712
 130 │     2  10000.0       0.01   1.0e-5   1.0e-9   0.01       57    true   9.396
 131 │     2  10000.0       1.0    1.0e-5   1.0e-9   0.01       56    true   9.39641
 132 │     2  10000.0     100.0    1.0e-5   1.0e-9   0.01       57    true   9.43704
 133 │     2  10000.0       0.01   1.0e-5   1.0e-9   1.0        52    true   8.89536
 134 │     2  10000.0       1.0    1.0e-5   1.0e-9   1.0        60    true   8.89577
 135 │     2  10000.0     100.0    1.0e-5   1.0e-9   1.0        62    true   8.93709
 136 │     2  10000.0       0.01   1.0e-5   0.001    0.0001     52    true   6.71909
 137 │     2  10000.0       1.0    1.0e-5   0.001    0.0001     50    true   6.71939
 138 │     2  10000.0     100.0    1.0e-5   0.001    0.0001     48    true   6.74845
 139 │     2  10000.0       0.01   1.0e-5   0.001    0.01       52    true   6.71908
 140 │     2  10000.0       1.0    1.0e-5   0.001    0.01       50    true   6.71937
 141 │     2  10000.0     100.0    1.0e-5   0.001    0.01       48    true   6.74843
 142 │     2  10000.0       0.01   1.0e-5   0.001    1.0        46    true   6.58352
 143 │     2  10000.0       1.0    1.0e-5   0.001    1.0        50    true   6.58382
 144 │     2  10000.0     100.0    1.0e-5   0.001    1.0        53    true   6.61342
 145 │     2  10000.0       0.01   0.001    1.0e-9   0.0001     57    true   8.18286
 146 │     2  10000.0       1.0    0.001    1.0e-9   0.0001     55    true   8.18321
 147 │     2  10000.0     100.0    0.001    1.0e-9   0.0001     53    true   8.2186
 148 │     2  10000.0       0.01   0.001    1.0e-9   0.01       57    true   8.18285
 149 │     2  10000.0       1.0    0.001    1.0e-9   0.01       55    true   8.18321
 150 │     2  10000.0     100.0    0.001    1.0e-9   0.01       53    true   8.2186
 151 │     2  10000.0       0.01   0.001    1.0e-9   1.0        52    true   8.12447
 152 │     2  10000.0       1.0    0.001    1.0e-9   1.0        56    true   8.12483
 153 │     2  10000.0     100.0    0.001    1.0e-9   1.0        56    true   8.16054
 154 │     2  10000.0       0.01   0.001    0.001    0.0001     56    true   7.89497
 155 │     2  10000.0       1.0    0.001    0.001    0.0001     55    true   7.89532
 156 │     2  10000.0     100.0    0.001    0.001    0.0001     53    true   7.92946
 157 │     2  10000.0       0.01   0.001    0.001    0.01       56    true   7.89497
 158 │     2  10000.0       1.0    0.001    0.001    0.01       55    true   7.89532
 159 │     2  10000.0     100.0    0.001    0.001    0.01       53    true   7.92946
 160 │     2  10000.0       0.01   0.001    0.001    1.0        52    true   7.87995
 161 │     2  10000.0       1.0    0.001    0.001    1.0        56    true   7.8803
 162 │     2  10000.0     100.0    0.001    0.001    1.0        56    true   7.91456
 163 │     2      1.0e8     0.01   1.0e-8   1.0e-9   0.0001     54    true   9.41594
 164 │     2      1.0e8     1.0    1.0e-8   1.0e-9   0.0001     52    true   9.41594
 165 │     2      1.0e8   100.0    1.0e-8   1.0e-9   0.0001     50    true   9.41595
 166 │     2      1.0e8     0.01   1.0e-8   1.0e-9   0.01       54    true   9.41594
 167 │     2      1.0e8     1.0    1.0e-8   1.0e-9   0.01       52    true   9.41594
 168 │     2      1.0e8   100.0    1.0e-8   1.0e-9   0.01       51    true   9.41594
 169 │     2      1.0e8     0.01   1.0e-8   1.0e-9   1.0        49    true   9.3538
 170 │     2      1.0e8     1.0    1.0e-8   1.0e-9   1.0        55    true   9.3538
 171 │     2      1.0e8   100.0    1.0e-8   1.0e-9   1.0        57    true   9.35381
 172 │     2      1.0e8     0.01   1.0e-8   0.001    0.0001     36    true   6.30826
 173 │     2      1.0e8     1.0    1.0e-8   0.001    0.0001     35    true   6.30826
 174 │     2      1.0e8   100.0    1.0e-8   0.001    0.0001     35    true   6.30826
 175 │     2      1.0e8     0.01   1.0e-8   0.001    0.01       36    true   6.30826
 176 │     2      1.0e8     1.0    1.0e-8   0.001    0.01       35    true   6.30826
 177 │     2      1.0e8   100.0    1.0e-8   0.001    0.01       35    true   6.30826
 178 │     2      1.0e8     0.01   1.0e-8   0.001    1.0        33    true   6.30826
 179 │     2      1.0e8     1.0    1.0e-8   0.001    1.0        36    true   6.30826
 180 │     2      1.0e8   100.0    1.0e-8   0.001    1.0        35    true   6.30826
 181 │     2      1.0e8     0.01   1.0e-5   1.0e-9   0.0001     56    true   9.39607
 182 │     2      1.0e8     1.0    1.0e-5   1.0e-9   0.0001     56    true   9.39607
 183 │     2      1.0e8   100.0    1.0e-5   1.0e-9   0.0001     54    true   9.39608
 184 │     2      1.0e8     0.01   1.0e-5   1.0e-9   0.01       56    true   9.39607
 185 │     2      1.0e8     1.0    1.0e-5   1.0e-9   0.01       56    true   9.39607
 186 │     2      1.0e8   100.0    1.0e-5   1.0e-9   0.01       54    true   9.39608
 187 │     2      1.0e8     0.01   1.0e-5   1.0e-9   1.0        52    true   9.39599
 188 │     2      1.0e8     1.0    1.0e-5   1.0e-9   1.0        56    true   9.39599
 189 │     2      1.0e8   100.0    1.0e-5   1.0e-9   1.0        53    true   9.396
 190 │     2      1.0e8     0.01   1.0e-5   0.001    0.0001     52    true   6.71909
 191 │     2      1.0e8     1.0    1.0e-5   0.001    0.0001     50    true   6.71909
 192 │     2      1.0e8   100.0    1.0e-5   0.001    0.0001     48    true   6.71909
 193 │     2      1.0e8     0.01   1.0e-5   0.001    0.01       52    true   6.71909
 194 │     2      1.0e8     1.0    1.0e-5   0.001    0.01       50    true   6.71909
 195 │     2      1.0e8   100.0    1.0e-5   0.001    0.01       48    true   6.71909
 196 │     2      1.0e8     0.01   1.0e-5   0.001    1.0        46    true   6.71908
 197 │     2      1.0e8     1.0    1.0e-5   0.001    1.0        50    true   6.71908
 198 │     2      1.0e8   100.0    1.0e-5   0.001    1.0        48    true   6.71908
 199 │     2      1.0e8     0.01   0.001    1.0e-9   0.0001     57    true   8.18285
 200 │     2      1.0e8     1.0    0.001    1.0e-9   0.0001     55    true   8.18285
 201 │     2      1.0e8   100.0    0.001    1.0e-9   0.0001     53    true   8.18286
 202 │     2      1.0e8     0.01   0.001    1.0e-9   0.01       57    true   8.18285
 203 │     2      1.0e8     1.0    0.001    1.0e-9   0.01       55    true   8.18285
 204 │     2      1.0e8   100.0    0.001    1.0e-9   0.01       53    true   8.18286
 205 │     2      1.0e8     0.01   0.001    1.0e-9   1.0        52    true   8.18285
 206 │     2      1.0e8     1.0    0.001    1.0e-9   1.0        55    true   8.18285
 207 │     2      1.0e8   100.0    0.001    1.0e-9   1.0        53    true   8.18285
 208 │     2      1.0e8     0.01   0.001    0.001    0.0001     56    true   7.89497
 209 │     2      1.0e8     1.0    0.001    0.001    0.0001     55    true   7.89497
 210 │     2      1.0e8   100.0    0.001    0.001    0.0001     53    true   7.89497
 211 │     2      1.0e8     0.01   0.001    0.001    0.01       56    true   7.89497
 212 │     2      1.0e8     1.0    0.001    0.001    0.01       55    true   7.89497
 213 │     2      1.0e8   100.0    0.001    0.001    0.01       53    true   7.89497
 214 │     2      1.0e8     0.01   0.001    0.001    1.0        52    true   7.89497
 215 │     2      1.0e8     1.0    0.001    0.001    1.0        54    true   7.89497
 216 │     2      1.0e8   100.0    0.001    0.001    1.0        53    true   7.89497
 217 │     3      0.01      0.01   1.0e-8   1.0e-9   0.0001     91    true  11.1347
 218 │     3      0.01      1.0    1.0e-8   1.0e-9   0.0001     85    true  14.616
 219 │     3      0.01    100.0    1.0e-8   1.0e-9   0.0001     78    true  14.7364
 220 │     3      0.01      0.01   1.0e-8   1.0e-9   0.01       78    true  11.7864
 221 │     3      0.01      1.0    1.0e-8   1.0e-9   0.01       96    true  15.747
 222 │     3      0.01    100.0    1.0e-8   1.0e-9   0.01      103    true  11.9292
 223 │     3      0.01      0.01   1.0e-8   1.0e-9   1.0        76    true  12.9767
 224 │     3      0.01      1.0    1.0e-8   1.0e-9   1.0        98    true  20.6096
 225 │     3      0.01    100.0    1.0e-8   1.0e-9   1.0        94    true  20.1297
 226 │     3      0.01      0.01   1.0e-8   0.001    0.0001     42    true   8.0554
 227 │     3      0.01      1.0    1.0e-8   0.001    0.0001     43    true   9.43496
 228 │     3      0.01    100.0    1.0e-8   0.001    0.0001     43    true   9.46256
 229 │     3      0.01      0.01   1.0e-8   0.001    0.01       72    true   8.23034
 230 │     3      0.01      1.0    1.0e-8   0.001    0.01       52    true   9.31317
 231 │     3      0.01    100.0    1.0e-8   0.001    0.01       46    true   9.46118
 232 │     3      0.01      0.01   1.0e-8   0.001    1.0        76    true  12.976
 233 │     3      0.01      1.0    1.0e-8   0.001    1.0        98    true  20.5136
 234 │     3      0.01    100.0    1.0e-8   0.001    1.0        87    true  14.067
 235 │     3      0.01      0.01   1.0e-5   1.0e-9   0.0001     76    true  12.29
 236 │     3      0.01      1.0    1.0e-5   1.0e-9   0.0001     76    true  14.5644
 237 │     3      0.01    100.0    1.0e-5   1.0e-9   0.0001     72    true  14.6095
 238 │     3      0.01      0.01   1.0e-5   1.0e-9   0.01       91    true   7.80222
 239 │     3      0.01      1.0    1.0e-5   1.0e-9   0.01       93    true  13.9347
 240 │     3      0.01    100.0    1.0e-5   1.0e-9   0.01       79    true  14.6015
 241 │     3      0.01      0.01   1.0e-5   1.0e-9   1.0        76    true  12.971
 242 │     3      0.01      1.0    1.0e-5   1.0e-9   1.0        96    true  19.8081
 243 │     3      0.01    100.0    1.0e-5   1.0e-9   1.0       104    true  11.0269
 244 │     3      0.01      0.01   1.0e-5   0.001    0.0001     67    true  10.7996
 245 │     3      0.01      1.0    1.0e-5   0.001    0.0001     67    true  12.7967
 246 │     3      0.01    100.0    1.0e-5   0.001    0.0001     64    true  12.8363
 247 │     3      0.01      0.01   1.0e-5   0.001    0.01       85    true   7.71354
 248 │     3      0.01      1.0    1.0e-5   0.001    0.01       75    true  12.5654
 249 │     3      0.01    100.0    1.0e-5   0.001    0.01       69    true  12.8338
 250 │     3      0.01      0.01   1.0e-5   0.001    1.0        76    true  12.9703
 251 │     3      0.01      1.0    1.0e-5   0.001    1.0        96    true  19.7207
 252 │     3      0.01    100.0    1.0e-5   0.001    1.0        98    true   9.18233
 253 │     3      0.01      0.01   0.001    1.0e-9   0.0001     68    true   9.66129
 254 │     3      0.01      1.0    0.001    1.0e-9   0.0001     67    true  11.4479
 255 │     3      0.01    100.0    0.001    1.0e-9   0.0001     65    true  11.4833
 256 │     3      0.01      0.01   0.001    1.0e-9   0.01       71    true   8.70047
 257 │     3      0.01      1.0    0.001    1.0e-9   0.01       71    true  11.3158
 258 │     3      0.01    100.0    0.001    1.0e-9   0.01       68    true  11.4816
 259 │     3      0.01      0.01   0.001    1.0e-9   1.0        82    true  12.5753
 260 │     3      0.01      1.0    0.001    1.0e-9   1.0        84    true  11.4434
 261 │     3      0.01    100.0    0.001    1.0e-9   1.0        77    true   9.84734
 262 │     3      0.01      0.01   0.001    0.001    0.0001     67    true   9.2205
 263 │     3      0.01      1.0    0.001    0.001    0.0001     66    true  10.925
 264 │     3      0.01    100.0    0.001    0.001    0.0001     64    true  10.9587
 265 │     3      0.01      0.01   0.001    0.001    0.01       71    true   8.63598
 266 │     3      0.01      1.0    0.001    0.001    0.01       70    true  10.8968
 267 │     3      0.01    100.0    0.001    0.001    0.01       67    true  10.9584
 268 │     3      0.01      0.01   0.001    0.001    1.0        82    true  12.5746
 269 │     3      0.01      1.0    0.001    0.001    1.0        84    true  11.4182
 270 │     3      0.01    100.0    0.001    0.001    1.0        77    true   9.79542
 271 │     3      1.0       0.01   1.0e-8   1.0e-9   0.0001     72    true  10.0493
 272 │     3      1.0       1.0    1.0e-8   1.0e-9   0.0001     78    true  12.3769
 273 │     3      1.0     100.0    1.0e-8   1.0e-9   0.0001     78    true  14.6911
 274 │     3      1.0       0.01   1.0e-8   1.0e-9   0.01       47    true   6.73206
 275 │     3      1.0       1.0    1.0e-8   1.0e-9   0.01       81    true   9.3636
 276 │     3      1.0     100.0    1.0e-8   1.0e-9   0.01      103    true  11.9154
 277 │     3      1.0       0.01   1.0e-8   1.0e-9   1.0        39    true   6.79421
 278 │     3      1.0       1.0    1.0e-8   1.0e-9   1.0        78    true  11.7826
 279 │     3      1.0     100.0    1.0e-8   1.0e-9   1.0        94    true  19.9688
 280 │     3      1.0       0.01   1.0e-8   0.001    0.0001     39    true   6.73761
 281 │     3      1.0       1.0    1.0e-8   0.001    0.0001     41    true   8.0557
 282 │     3      1.0     100.0    1.0e-8   0.001    0.0001     43    true   9.43497
 283 │     3      1.0       0.01   1.0e-8   0.001    0.01       42    true   6.73708
 284 │     3      1.0       1.0    1.0e-8   0.001    0.01       48    true   8.02734
 285 │     3      1.0     100.0    1.0e-8   0.001    0.01       46    true   9.43362
 286 │     3      1.0       0.01   1.0e-8   0.001    1.0        39    true   6.79416
 287 │     3      1.0       1.0    1.0e-8   0.001    1.0        78    true  11.7214
 288 │     3      1.0     100.0    1.0e-8   0.001    1.0        86    true  13.954
 289 │     3      1.0       0.01   1.0e-5   1.0e-9   0.0001     70    true   9.98131
 290 │     3      1.0       1.0    1.0e-5   1.0e-9   0.0001     72    true  12.2923
 291 │     3      1.0     100.0    1.0e-5   1.0e-9   0.0001     72    true  14.5645
 292 │     3      1.0       0.01   1.0e-5   1.0e-9   0.01       72    true   9.79459
 293 │     3      1.0       1.0    1.0e-5   1.0e-9   0.01       82    true  12.0797
 294 │     3      1.0     100.0    1.0e-5   1.0e-9   0.01       79    true  14.5567
 295 │     3      1.0       0.01   1.0e-5   1.0e-9   1.0        39    true   6.79453
 296 │     3      1.0       1.0    1.0e-5   1.0e-9   1.0        77    true  11.291
 297 │     3      1.0     100.0    1.0e-5   1.0e-9   1.0       102    true  10.9458
 298 │     3      1.0       0.01   1.0e-5   0.001    0.0001     64    true   8.76985
 299 │     3      1.0       1.0    1.0e-5   0.001    0.0001     64    true  10.8004
 300 │     3      1.0     100.0    1.0e-5   0.001    0.0001     64    true  12.7968
 301 │     3      1.0       0.01   1.0e-5   0.001    0.01       64    true   8.68377
 302 │     3      1.0       1.0    1.0e-5   0.001    0.01       70    true  10.7214
 303 │     3      1.0     100.0    1.0e-5   0.001    0.01       69    true  12.7943
 304 │     3      1.0       0.01   1.0e-5   0.001    1.0        39    true   6.79449
 305 │     3      1.0       1.0    1.0e-5   0.001    1.0        77    true  11.2361
 306 │     3      1.0     100.0    1.0e-5   0.001    1.0        98    true   9.11582
 307 │     3      1.0       0.01   0.001    1.0e-9   0.0001     65    true   7.84547
 308 │     3      1.0       1.0    0.001    1.0e-9   0.0001     65    true   9.66198
 309 │     3      1.0     100.0    0.001    1.0e-9   0.0001     65    true  11.4479
 310 │     3      1.0       0.01   0.001    1.0e-9   0.01       65    true   7.75462
 311 │     3      1.0       1.0    0.001    1.0e-9   0.01       67    true   9.59942
 312 │     3      1.0     100.0    0.001    1.0e-9   0.01       68    true  11.4463
 313 │     3      1.0       0.01   0.001    1.0e-9   1.0        39    true   6.80239
 314 │     3      1.0       1.0    0.001    1.0e-9   1.0        69    true   8.58147
 315 │     3      1.0     100.0    0.001    1.0e-9   1.0        77    true   9.82623
 316 │     3      1.0       0.01   0.001    0.001    0.0001     63    true   7.48709
 317 │     3      1.0       1.0    0.001    0.001    0.0001     63    true   9.22061
 318 │     3      1.0     100.0    0.001    0.001    0.0001     64    true  10.925
 319 │     3      1.0       0.01   0.001    0.001    0.01       64    true   7.46929
 320 │     3      1.0       1.0    0.001    0.001    0.01       67    true   9.20901
 321 │     3      1.0     100.0    0.001    0.001    0.01       67    true  10.9247
 322 │     3      1.0       0.01   0.001    0.001    1.0        39    true   6.80235
 323 │     3      1.0       1.0    0.001    0.001    1.0        69    true   8.58088
 324 │     3      1.0     100.0    0.001    0.001    1.0        77    true   9.77414
 325 │     3  10000.0       0.01   1.0e-8   1.0e-9   0.0001     65    true  10.0213
 326 │     3  10000.0       1.0    1.0e-8   1.0e-9   0.0001     61    true  10.0218
 327 │     3  10000.0     100.0    1.0e-8   1.0e-9   0.0001     63    true  10.0686
 328 │     3  10000.0       0.01   1.0e-8   1.0e-9   0.01       65    true  10.0022
 329 │     3  10000.0       1.0    1.0e-8   1.0e-9   0.01       67    true  10.0027
 330 │     3  10000.0     100.0    1.0e-8   1.0e-9   0.01       72    true  10.0493
 331 │     3  10000.0       0.01   1.0e-8   1.0e-9   1.0        37    true   6.71389
 332 │     3  10000.0       1.0    1.0e-8   1.0e-9   1.0        43    true   6.71408
 333 │     3  10000.0     100.0    1.0e-8   1.0e-9   1.0        47    true   6.73206
 334 │     3  10000.0       0.01   1.0e-8   0.001    0.0001     39    true   6.71389
 335 │     3  10000.0       1.0    1.0e-8   0.001    0.0001     38    true   6.71413
 336 │     3  10000.0     100.0    1.0e-8   0.001    0.0001     38    true   6.73761
 337 │     3  10000.0       0.01   1.0e-8   0.001    0.01       39    true   6.71389
 338 │     3  10000.0       1.0    1.0e-8   0.001    0.01       39    true   6.71413
 339 │     3  10000.0     100.0    1.0e-8   0.001    0.01       39    true   6.73761
 340 │     3  10000.0       0.01   1.0e-8   0.001    1.0        35    true   6.71389
 341 │     3  10000.0       1.0    1.0e-8   0.001    1.0        39    true   6.71413
 342 │     3  10000.0     100.0    1.0e-8   0.001    1.0        42    true   6.73708
 343 │     3  10000.0       0.01   1.0e-5   1.0e-9   0.0001     70    true   9.93443
 344 │     3  10000.0       1.0    1.0e-5   1.0e-9   0.0001     66    true   9.9349
 345 │     3  10000.0     100.0    1.0e-5   1.0e-9   0.0001     63    true   9.98132
 346 │     3  10000.0       0.01   1.0e-5   1.0e-9   0.01       70    true   9.93441
 347 │     3  10000.0       1.0    1.0e-5   1.0e-9   0.01       66    true   9.93488
 348 │     3  10000.0     100.0    1.0e-5   1.0e-9   0.01       65    true   9.98131
 349 │     3  10000.0       0.01   1.0e-5   1.0e-9   1.0        59    true   9.74946
 350 │     3  10000.0       1.0    1.0e-5   1.0e-9   1.0        68    true   9.74991
 351 │     3  10000.0     100.0    1.0e-5   1.0e-9   1.0        72    true   9.79459
 352 │     3  10000.0       0.01   1.0e-5   0.001    0.0001     64    true   8.72865
 353 │     3  10000.0       1.0    1.0e-5   0.001    0.0001     61    true   8.72906
 354 │     3  10000.0     100.0    1.0e-5   0.001    0.0001     57    true   8.76986
 355 │     3  10000.0       0.01   1.0e-5   0.001    0.01       64    true   8.72864
 356 │     3  10000.0       1.0    1.0e-5   0.001    0.01       61    true   8.72906
 357 │     3  10000.0     100.0    1.0e-5   0.001    0.01       59    true   8.76985
 358 │     3  10000.0       0.01   1.0e-5   0.001    1.0        55    true   8.64281
 359 │     3  10000.0       1.0    1.0e-5   0.001    1.0        61    true   8.64322
 360 │     3  10000.0     100.0    1.0e-5   0.001    1.0        64    true   8.68377
 361 │     3  10000.0       0.01   0.001    1.0e-9   0.0001     65    true   7.80862
 362 │     3  10000.0       1.0    0.001    1.0e-9   0.0001     63    true   7.80899
 363 │     3  10000.0     100.0    0.001    1.0e-9   0.0001     59    true   7.84548
 364 │     3  10000.0       0.01   0.001    1.0e-9   0.01       65    true   7.80861
 365 │     3  10000.0       1.0    0.001    1.0e-9   0.01       63    true   7.80898
 366 │     3  10000.0     100.0    0.001    1.0e-9   0.01       59    true   7.84547
 367 │     3  10000.0       0.01   0.001    1.0e-9   1.0        57    true   7.71744
 368 │     3  10000.0       1.0    0.001    1.0e-9   1.0        63    true   7.71782
 369 │     3  10000.0     100.0    0.001    1.0e-9   1.0        62    true   7.75462
 370 │     3  10000.0       0.01   0.001    0.001    0.0001     63    true   7.45191
 371 │     3  10000.0       1.0    0.001    0.001    0.0001     61    true   7.45227
 372 │     3  10000.0     100.0    0.001    0.001    0.0001     59    true   7.48709
 373 │     3  10000.0       0.01   0.001    0.001    0.01       63    true   7.45191
 374 │     3  10000.0       1.0    0.001    0.001    0.01       61    true   7.45226
 375 │     3  10000.0     100.0    0.001    0.001    0.01       59    true   7.48709
 376 │     3  10000.0       0.01   0.001    0.001    1.0        56    true   7.43402
 377 │     3  10000.0       1.0    0.001    0.001    1.0        61    true   7.43438
 378 │     3  10000.0     100.0    0.001    0.001    1.0        62    true   7.46929
 379 │     3      1.0e8     0.01   1.0e-8   1.0e-9   0.0001     65    true  10.0213
 380 │     3      1.0e8     1.0    1.0e-8   1.0e-9   0.0001     61    true  10.0213
 381 │     3      1.0e8   100.0    1.0e-8   1.0e-9   0.0001     58    true  10.0213
 382 │     3      1.0e8     0.01   1.0e-8   1.0e-9   0.01       65    true  10.0213
 383 │     3      1.0e8     1.0    1.0e-8   1.0e-9   0.01       61    true  10.0213
 384 │     3      1.0e8   100.0    1.0e-8   1.0e-9   0.01       59    true  10.0213
 385 │     3      1.0e8     0.01   1.0e-8   1.0e-9   1.0        56    true  10.0022
 386 │     3      1.0e8     1.0    1.0e-8   1.0e-9   1.0        61    true  10.0022
 387 │     3      1.0e8   100.0    1.0e-8   1.0e-9   1.0        63    true  10.0022
 388 │     3      1.0e8     0.01   1.0e-8   0.001    0.0001     39    true   6.71389
 389 │     3      1.0e8     1.0    1.0e-8   0.001    0.0001     38    true   6.71389
 390 │     3      1.0e8   100.0    1.0e-8   0.001    0.0001     38    true   6.71389
 391 │     3      1.0e8     0.01   1.0e-8   0.001    0.01       39    true   6.71389
 392 │     3      1.0e8     1.0    1.0e-8   0.001    0.01       38    true   6.71389
 393 │     3      1.0e8   100.0    1.0e-8   0.001    0.01       38    true   6.71389
 394 │     3      1.0e8     0.01   1.0e-8   0.001    1.0        34    true   6.71389
 395 │     3      1.0e8     1.0    1.0e-8   0.001    1.0        38    true   6.71389
 396 │     3      1.0e8   100.0    1.0e-8   0.001    1.0        38    true   6.71389
 397 │     3      1.0e8     0.01   1.0e-5   1.0e-9   0.0001     70    true   9.93443
 398 │     3      1.0e8     1.0    1.0e-5   1.0e-9   0.0001     66    true   9.93443
 399 │     3      1.0e8   100.0    1.0e-5   1.0e-9   0.0001     63    true   9.93443
 400 │     3      1.0e8     0.01   1.0e-5   1.0e-9   0.01       70    true   9.93443
 401 │     3      1.0e8     1.0    1.0e-5   1.0e-9   0.01       66    true   9.93443
 402 │     3      1.0e8   100.0    1.0e-5   1.0e-9   0.01       63    true   9.93443
 403 │     3      1.0e8     0.01   1.0e-5   1.0e-9   1.0        61    true   9.93441
 404 │     3      1.0e8     1.0    1.0e-5   1.0e-9   1.0        66    true   9.93441
 405 │     3      1.0e8   100.0    1.0e-5   1.0e-9   1.0        63    true   9.93441
 406 │     3      1.0e8     0.01   1.0e-5   0.001    0.0001     64    true   8.72865
 407 │     3      1.0e8     1.0    1.0e-5   0.001    0.0001     61    true   8.72865
 408 │     3      1.0e8   100.0    1.0e-5   0.001    0.0001     57    true   8.72865
 409 │     3      1.0e8     0.01   1.0e-5   0.001    0.01       64    true   8.72865
 410 │     3      1.0e8     1.0    1.0e-5   0.001    0.01       61    true   8.72865
 411 │     3      1.0e8   100.0    1.0e-5   0.001    0.01       57    true   8.72865
 412 │     3      1.0e8     0.01   1.0e-5   0.001    1.0        55    true   8.72864
 413 │     3      1.0e8     1.0    1.0e-5   0.001    1.0        61    true   8.72864
 414 │     3      1.0e8   100.0    1.0e-5   0.001    1.0        57    true   8.72864
 415 │     3      1.0e8     0.01   0.001    1.0e-9   0.0001     65    true   7.80862
 416 │     3      1.0e8     1.0    0.001    1.0e-9   0.0001     63    true   7.80862
 417 │     3      1.0e8   100.0    0.001    1.0e-9   0.0001     59    true   7.80862
 418 │     3      1.0e8     0.01   0.001    1.0e-9   0.01       65    true   7.80862
 419 │     3      1.0e8     1.0    0.001    1.0e-9   0.01       63    true   7.80862
 420 │     3      1.0e8   100.0    0.001    1.0e-9   0.01       59    true   7.80862
 421 │     3      1.0e8     0.01   0.001    1.0e-9   1.0        57    true   7.80861
 422 │     3      1.0e8     1.0    0.001    1.0e-9   1.0        63    true   7.80861
 423 │     3      1.0e8   100.0    0.001    1.0e-9   1.0        59    true   7.80861
 424 │     3      1.0e8     0.01   0.001    0.001    0.0001     63    true   7.45191
 425 │     3      1.0e8     1.0    0.001    0.001    0.0001     61    true   7.45191
 426 │     3      1.0e8   100.0    0.001    0.001    0.0001     59    true   7.45191
 427 │     3      1.0e8     0.01   0.001    0.001    0.01       63    true   7.45191
 428 │     3      1.0e8     1.0    0.001    0.001    0.01       61    true   7.45191
 429 │     3      1.0e8   100.0    0.001    0.001    0.01       59    true   7.45191
 430 │     3      1.0e8     0.01   0.001    0.001    1.0        56    true   7.45191
 431 │     3      1.0e8     1.0    0.001    0.001    1.0        61    true   7.45191
 432 │     3      1.0e8   100.0    0.001    0.001    1.0        59    true   7.45191
Main.BiotPrecTesttable = 216×9 DataFrame
 Row │ nk     λ          μ        κ        s0       α        niter  solved  cond
     │ Int64  Float64    Float64  Float64  Float64  Float64  Int64  Bool    Float64
─────┼───────────────────────────────────────────────────────────────────────────────
   1 │     4      0.01      0.01   1.0e-8   1.0e-9   0.0001     99    true  12.3314
   2 │     4      0.01      1.0    1.0e-8   1.0e-9   0.0001     90    true  15.5416
   3 │     4      0.01    100.0    1.0e-8   1.0e-9   0.0001     86    true  15.6449
   4 │     4      0.01      0.01   1.0e-8   1.0e-9   0.01       84    true  12.219
   5 │     4      0.01      1.0    1.0e-8   1.0e-9   0.01      109    true  15.0646
   6 │     4      0.01    100.0    1.0e-8   1.0e-9   0.01      117    true  13.7771
   7 │     4      0.01      0.01   1.0e-8   1.0e-9   1.0        81    true  13.6096
   8 │     4      0.01      1.0    1.0e-8   1.0e-9   1.0       106    true  21.791
   9 │     4      0.01    100.0    1.0e-8   1.0e-9   1.0       103    true  21.0663
  10 │     4      0.01      0.01   1.0e-8   0.001    0.0001     44    true   8.4832
  11 │     4      0.01      1.0    1.0e-8   0.001    0.0001     46    true  10.0055
  12 │     4      0.01    100.0    1.0e-8   0.001    0.0001     45    true  10.036
  13 │     4      0.01      0.01   1.0e-8   0.001    0.01       77    true   8.43839
  14 │     4      0.01      1.0    1.0e-8   0.001    0.01       55    true   9.85195
  15 │     4      0.01    100.0    1.0e-8   0.001    0.01       48    true  10.0342
  16 │     4      0.01      0.01   1.0e-8   0.001    1.0        81    true  13.6088
  17 │     4      0.01      1.0    1.0e-8   0.001    1.0       105    true  21.6837
  18 │     4      0.01    100.0    1.0e-8   0.001    1.0        94    true  14.5299
  19 │     4      0.01      0.01   1.0e-5   1.0e-9   0.0001     82    true  12.6657
  20 │     4      0.01      1.0    1.0e-5   1.0e-9   0.0001     83    true  15.1056
  21 │     4      0.01    100.0    1.0e-5   1.0e-9   0.0001     79    true  15.1541
  22 │     4      0.01      0.01   1.0e-5   1.0e-9   0.01      104    true   9.94842
  23 │     4      0.01      1.0    1.0e-5   1.0e-9   0.01       96    true  14.6876
  24 │     4      0.01    100.0    1.0e-5   1.0e-9   0.01       85    true  15.1486
  25 │     4      0.01      0.01   1.0e-5   1.0e-9   1.0        82    true  13.5894
  26 │     4      0.01      1.0    1.0e-5   1.0e-9   1.0       105    true  19.6389
  27 │     4      0.01    100.0    1.0e-5   1.0e-9   1.0       123    true  12.1521
  28 │     4      0.01      0.01   1.0e-5   0.001    0.0001     78    true  12.0597
  29 │     4      0.01      1.0    1.0e-5   0.001    0.0001     78    true  14.382
  30 │     4      0.01    100.0    1.0e-5   0.001    0.0001     75    true  14.4281
  31 │     4      0.01      0.01   1.0e-5   0.001    0.01       98    true   9.8106
  32 │     4      0.01      1.0    1.0e-5   0.001    0.01       84    true  14.1969
  33 │     4      0.01    100.0    1.0e-5   0.001    0.01       79    true  14.4261
  34 │     4      0.01      0.01   1.0e-5   0.001    1.0        82    true  13.5887
  35 │     4      0.01      1.0    1.0e-5   0.001    1.0       105    true  19.5543
  36 │     4      0.01    100.0    1.0e-5   0.001    1.0       115    true  10.0549
  37 │     4      0.01      0.01   0.001    1.0e-9   0.0001     74    true   9.86115
  38 │     4      0.01      1.0    0.001    1.0e-9   0.0001     73    true  11.7606
  39 │     4      0.01    100.0    0.001    1.0e-9   0.0001     70    true  11.7983
  40 │     4      0.01      0.01   0.001    1.0e-9   0.01       75    true   8.7852
  41 │     4      0.01      1.0    0.001    1.0e-9   0.01       74    true  11.5737
  42 │     4      0.01    100.0    0.001    1.0e-9   0.01       71    true  11.7962
  43 │     4      0.01      0.01   0.001    1.0e-9   1.0       116    true  24.5981
  44 │     4      0.01      1.0    0.001    1.0e-9   1.0        87    true  11.1663
  45 │     4      0.01    100.0    0.001    1.0e-9   1.0        78    true   9.94784
  46 │     4      0.01      0.01   0.001    0.001    0.0001     72    true   9.36009
  47 │     4      0.01      1.0    0.001    0.001    0.0001     71    true  11.1622
  48 │     4      0.01    100.0    0.001    0.001    0.0001     69    true  11.198
  49 │     4      0.01      0.01   0.001    0.001    0.01       74    true   8.69691
  50 │     4      0.01      1.0    0.001    0.001    0.01       73    true  11.1295
  51 │     4      0.01    100.0    0.001    0.001    0.01       71    true  11.1976
  52 │     4      0.01      0.01   0.001    0.001    1.0       116    true  24.5981
  53 │     4      0.01      1.0    0.001    0.001    1.0        86    true  11.1422
  54 │     4      0.01    100.0    0.001    0.001    1.0        78    true   9.88581
  55 │     4      1.0       0.01   1.0e-8   1.0e-9   0.0001     77    true  10.5171
  56 │     4      1.0       1.0    1.0e-8   1.0e-9   0.0001     85    true  13.064
  57 │     4      1.0     100.0    1.0e-8   1.0e-9   0.0001     86    true  15.5949
  58 │     4      1.0       0.01   1.0e-8   1.0e-9   0.01       53    true   7.013
  59 │     4      1.0       1.0    1.0e-8   1.0e-9   0.01       94    true   9.05056
  60 │     4      1.0     100.0    1.0e-8   1.0e-9   0.01      116    true  13.7505
  61 │     4      1.0       0.01   1.0e-8   1.0e-9   1.0        39    true   7.11514
  62 │     4      1.0       1.0    1.0e-8   1.0e-9   1.0        84    true  12.3622
  63 │     4      1.0     100.0    1.0e-8   1.0e-9   1.0       102    true  20.8952
  64 │     4      1.0       0.01   1.0e-8   0.001    0.0001     41    true   7.02093
  65 │     4      1.0       1.0    1.0e-8   0.001    0.0001     43    true   8.48358
  66 │     4      1.0     100.0    1.0e-8   0.001    0.0001     45    true  10.0055
  67 │     4      1.0       0.01   1.0e-8   0.001    0.01       44    true   7.02015
  68 │     4      1.0       1.0    1.0e-8   0.001    0.01       49    true   8.44718
  69 │     4      1.0     100.0    1.0e-8   0.001    0.01       48    true  10.0038
  70 │     4      1.0       0.01   1.0e-8   0.001    1.0        39    true   7.11509
  71 │     4      1.0       1.0    1.0e-8   0.001    1.0        84    true  12.2949
  72 │     4      1.0     100.0    1.0e-8   0.001    1.0        94    true  14.4118
  73 │     4      1.0       0.01   1.0e-5   1.0e-9   0.0001     76    true  10.1923
  74 │     4      1.0       1.0    1.0e-5   1.0e-9   0.0001     78    true  12.667
  75 │     4      1.0     100.0    1.0e-5   1.0e-9   0.0001     79    true  15.1057
  76 │     4      1.0       0.01   1.0e-5   1.0e-9   0.01       79    true  10.1375
  77 │     4      1.0       1.0    1.0e-5   1.0e-9   0.01       87    true  12.5455
  78 │     4      1.0     100.0    1.0e-5   1.0e-9   0.01       85    true  15.1003
  79 │     4      1.0       0.01   1.0e-5   1.0e-9   1.0        39    true   7.11606
  80 │     4      1.0       1.0    1.0e-5   1.0e-9   1.0        83    true  11.1173
  81 │     4      1.0     100.0    1.0e-5   1.0e-9   1.0       121    true  12.0851
  82 │     4      1.0       0.01   1.0e-5   0.001    0.0001     74    true   9.70401
  83 │     4      1.0       1.0    1.0e-5   0.001    0.0001     74    true  12.0603
  84 │     4      1.0     100.0    1.0e-5   0.001    0.0001     75    true  14.3821
  85 │     4      1.0       0.01   1.0e-5   0.001    0.01       74    true   9.65919
  86 │     4      1.0       1.0    1.0e-5   0.001    0.01       78    true  12.0038
  87 │     4      1.0     100.0    1.0e-5   0.001    0.01       79    true  14.3801
  88 │     4      1.0       0.01   1.0e-5   0.001    1.0        39    true   7.116
  89 │     4      1.0       1.0    1.0e-5   0.001    1.0        83    true  11.0654
  90 │     4      1.0     100.0    1.0e-5   0.001    1.0       113    true   9.99899
  91 │     4      1.0       0.01   0.001    1.0e-9   0.0001     70    true   7.93524
  92 │     4      1.0       1.0    0.001    1.0e-9   0.0001     70    true   9.86202
  93 │     4      1.0     100.0    0.001    1.0e-9   0.0001     70    true  11.7606
  94 │     4      1.0       0.01   0.001    1.0e-9   0.01       70    true   7.80884
  95 │     4      1.0       1.0    0.001    1.0e-9   0.01       71    true   9.77807
  96 │     4      1.0     100.0    0.001    1.0e-9   0.01       71    true  11.7586
  97 │     4      1.0       0.01   0.001    1.0e-9   1.0        39    true   7.10635
  98 │     4      1.0       1.0    0.001    1.0e-9   1.0        70    true   8.89016
  99 │     4      1.0     100.0    0.001    1.0e-9   1.0        78    true   9.92582
 100 │     4      1.0       0.01   0.001    0.001    0.0001     70    true   7.53149
 101 │     4      1.0       1.0    0.001    0.001    0.0001     70    true   9.36023
 102 │     4      1.0     100.0    0.001    0.001    0.0001     69    true  11.1622
 103 │     4      1.0       0.01   0.001    0.001    0.01       68    true   7.51088
 104 │     4      1.0       1.0    0.001    0.001    0.01       70    true   9.34672
 105 │     4      1.0     100.0    0.001    0.001    0.01       71    true  11.1619
 106 │     4      1.0       0.01   0.001    0.001    1.0        39    true   7.10632
 107 │     4      1.0       1.0    0.001    0.001    1.0        70    true   8.88955
 108 │     4      1.0     100.0    0.001    0.001    1.0        78    true   9.86362
 109 │     4  10000.0       0.01   1.0e-8   1.0e-9   0.0001     71    true  10.4709
 110 │     4  10000.0       1.0    1.0e-8   1.0e-9   0.0001     68    true  10.4714
 111 │     4  10000.0     100.0    1.0e-8   1.0e-9   0.0001     69    true  10.5227
 112 │     4  10000.0       0.01   1.0e-8   1.0e-9   0.01       72    true  10.4655
 113 │     4  10000.0       1.0    1.0e-8   1.0e-9   0.01       74    true  10.466
 114 │     4  10000.0     100.0    1.0e-8   1.0e-9   0.01       77    true  10.5171
 115 │     4  10000.0       0.01   1.0e-8   1.0e-9   1.0        41    true   6.99467
 116 │     4  10000.0       1.0    1.0e-8   1.0e-9   1.0        47    true   6.99485
 117 │     4  10000.0     100.0    1.0e-8   1.0e-9   1.0        53    true   7.013
 118 │     4  10000.0       0.01   1.0e-8   0.001    0.0001     41    true   6.99467
 119 │     4  10000.0       1.0    1.0e-8   0.001    0.0001     40    true   6.99493
 120 │     4  10000.0     100.0    1.0e-8   0.001    0.0001     39    true   7.02093
 121 │     4  10000.0       0.01   1.0e-8   0.001    0.01       41    true   6.99467
 122 │     4  10000.0       1.0    1.0e-8   0.001    0.01       40    true   6.99493
 123 │     4  10000.0     100.0    1.0e-8   0.001    0.01       40    true   7.02093
 124 │     4  10000.0       0.01   1.0e-8   0.001    1.0        36    true   6.99467
 125 │     4  10000.0       1.0    1.0e-8   0.001    1.0        41    true   6.99492
 126 │     4  10000.0     100.0    1.0e-8   0.001    1.0        44    true   7.02015
 127 │     4  10000.0       0.01   1.0e-5   1.0e-9   0.0001     76    true  10.142
 128 │     4  10000.0       1.0    1.0e-5   1.0e-9   0.0001     72    true  10.1425
 129 │     4  10000.0     100.0    1.0e-5   1.0e-9   0.0001     68    true  10.1923
 130 │     4  10000.0       0.01   1.0e-5   1.0e-9   0.01       76    true  10.142
 131 │     4  10000.0       1.0    1.0e-5   1.0e-9   0.01       72    true  10.1425
 132 │     4  10000.0     100.0    1.0e-5   1.0e-9   0.01       71    true  10.1923
 133 │     4  10000.0       0.01   1.0e-5   1.0e-9   1.0        65    true  10.0895
 134 │     4  10000.0       1.0    1.0e-5   1.0e-9   1.0        74    true  10.09
 135 │     4  10000.0     100.0    1.0e-5   1.0e-9   1.0        78    true  10.1375
 136 │     4  10000.0       0.01   1.0e-5   0.001    0.0001     74    true   9.65616
 137 │     4  10000.0       1.0    1.0e-5   0.001    0.0001     70    true   9.65664
 138 │     4  10000.0     100.0    1.0e-5   0.001    0.0001     65    true   9.70401
 139 │     4  10000.0       0.01   1.0e-5   0.001    0.01       74    true   9.65616
 140 │     4  10000.0       1.0    1.0e-5   0.001    0.01       70    true   9.65664
 141 │     4  10000.0     100.0    1.0e-5   0.001    0.01       67    true   9.70401
 142 │     4  10000.0       0.01   1.0e-5   0.001    1.0        62    true   9.61203
 143 │     4  10000.0       1.0    1.0e-5   0.001    1.0        70    true   9.6125
 144 │     4  10000.0     100.0    1.0e-5   0.001    1.0        72    true   9.65919
 145 │     4  10000.0       0.01   0.001    1.0e-9   0.0001     70    true   7.89613
 146 │     4  10000.0       1.0    0.001    1.0e-9   0.0001     66    true   7.89652
 147 │     4  10000.0     100.0    0.001    1.0e-9   0.0001     64    true   7.93526
 148 │     4  10000.0       0.01   0.001    1.0e-9   0.01       70    true   7.89611
 149 │     4  10000.0       1.0    0.001    1.0e-9   0.01       66    true   7.89651
 150 │     4  10000.0     100.0    0.001    1.0e-9   0.01       64    true   7.93524
 151 │     4  10000.0       0.01   0.001    1.0e-9   1.0        60    true   7.76925
 152 │     4  10000.0       1.0    0.001    1.0e-9   1.0        66    true   7.76965
 153 │     4  10000.0     100.0    0.001    1.0e-9   1.0        66    true   7.80884
 154 │     4  10000.0       0.01   0.001    0.001    0.0001     69    true   7.49436
 155 │     4  10000.0       1.0    0.001    0.001    0.0001     66    true   7.49473
 156 │     4  10000.0     100.0    0.001    0.001    0.0001     62    true   7.5315
 157 │     4  10000.0       0.01   0.001    0.001    0.01       69    true   7.49436
 158 │     4  10000.0       1.0    0.001    0.001    0.01       66    true   7.49473
 159 │     4  10000.0     100.0    0.001    0.001    0.01       62    true   7.53149
 160 │     4  10000.0       0.01   0.001    0.001    1.0        59    true   7.47365
 161 │     4  10000.0       1.0    0.001    0.001    1.0        66    true   7.47403
 162 │     4  10000.0     100.0    0.001    0.001    1.0        65    true   7.51088
 163 │     4      1.0e8     0.01   1.0e-8   1.0e-9   0.0001     71    true  10.4709
 164 │     4      1.0e8     1.0    1.0e-8   1.0e-9   0.0001     68    true  10.4709
 165 │     4      1.0e8   100.0    1.0e-8   1.0e-9   0.0001     63    true  10.4709
 166 │     4      1.0e8     0.01   1.0e-8   1.0e-9   0.01       71    true  10.4709
 167 │     4      1.0e8     1.0    1.0e-8   1.0e-9   0.01       68    true  10.4709
 168 │     4      1.0e8   100.0    1.0e-8   1.0e-9   0.01       64    true  10.4709
 169 │     4      1.0e8     0.01   1.0e-8   1.0e-9   1.0        59    true  10.4655
 170 │     4      1.0e8     1.0    1.0e-8   1.0e-9   1.0        68    true  10.4655
 171 │     4      1.0e8   100.0    1.0e-8   1.0e-9   1.0        70    true  10.4655
 172 │     4      1.0e8     0.01   1.0e-8   0.001    0.0001     41    true   6.99467
 173 │     4      1.0e8     1.0    1.0e-8   0.001    0.0001     40    true   6.99467
 174 │     4      1.0e8   100.0    1.0e-8   0.001    0.0001     38    true   6.99467
 175 │     4      1.0e8     0.01   1.0e-8   0.001    0.01       41    true   6.99467
 176 │     4      1.0e8     1.0    1.0e-8   0.001    0.01       40    true   6.99467
 177 │     4      1.0e8   100.0    1.0e-8   0.001    0.01       38    true   6.99467
 178 │     4      1.0e8     0.01   1.0e-8   0.001    1.0        35    true   6.99467
 179 │     4      1.0e8     1.0    1.0e-8   0.001    1.0        39    true   6.99467
 180 │     4      1.0e8   100.0    1.0e-8   0.001    1.0        39    true   6.99467
 181 │     4      1.0e8     0.01   1.0e-5   1.0e-9   0.0001     76    true  10.142
 182 │     4      1.0e8     1.0    1.0e-5   1.0e-9   0.0001     72    true  10.142
 183 │     4      1.0e8   100.0    1.0e-5   1.0e-9   0.0001     68    true  10.142
 184 │     4      1.0e8     0.01   1.0e-5   1.0e-9   0.01       76    true  10.142
 185 │     4      1.0e8     1.0    1.0e-5   1.0e-9   0.01       72    true  10.142
 186 │     4      1.0e8   100.0    1.0e-5   1.0e-9   0.01       68    true  10.142
 187 │     4      1.0e8     0.01   1.0e-5   1.0e-9   1.0        64    true  10.142
 188 │     4      1.0e8     1.0    1.0e-5   1.0e-9   1.0        72    true  10.142
 189 │     4      1.0e8   100.0    1.0e-5   1.0e-9   1.0        68    true  10.142
 190 │     4      1.0e8     0.01   1.0e-5   0.001    0.0001     74    true   9.65616
 191 │     4      1.0e8     1.0    1.0e-5   0.001    0.0001     70    true   9.65616
 192 │     4      1.0e8   100.0    1.0e-5   0.001    0.0001     65    true   9.65616
 193 │     4      1.0e8     0.01   1.0e-5   0.001    0.01       74    true   9.65616
 194 │     4      1.0e8     1.0    1.0e-5   0.001    0.01       70    true   9.65616
 195 │     4      1.0e8   100.0    1.0e-5   0.001    0.01       65    true   9.65616
 196 │     4      1.0e8     0.01   1.0e-5   0.001    1.0        62    true   9.65615
 197 │     4      1.0e8     1.0    1.0e-5   0.001    1.0        70    true   9.65615
 198 │     4      1.0e8   100.0    1.0e-5   0.001    1.0        65    true   9.65616
 199 │     4      1.0e8     0.01   0.001    1.0e-9   0.0001     70    true   7.89613
 200 │     4      1.0e8     1.0    0.001    1.0e-9   0.0001     68    true   7.89613
 201 │     4      1.0e8   100.0    0.001    1.0e-9   0.0001     64    true   7.89613
 202 │     4      1.0e8     0.01   0.001    1.0e-9   0.01       70    true   7.89613
 203 │     4      1.0e8     1.0    0.001    1.0e-9   0.01       66    true   7.89613
 204 │     4      1.0e8   100.0    0.001    1.0e-9   0.01       64    true   7.89613
 205 │     4      1.0e8     0.01   0.001    1.0e-9   1.0        60    true   7.89611
 206 │     4      1.0e8     1.0    0.001    1.0e-9   1.0        66    true   7.89611
 207 │     4      1.0e8   100.0    0.001    1.0e-9   1.0        64    true   7.89611
 208 │     4      1.0e8     0.01   0.001    0.001    0.0001     69    true   7.49436
 209 │     4      1.0e8     1.0    0.001    0.001    0.0001     66    true   7.49436
 210 │     4      1.0e8   100.0    0.001    0.001    0.0001     62    true   7.49436
 211 │     4      1.0e8     0.01   0.001    0.001    0.01       69    true   7.49436
 212 │     4      1.0e8     1.0    0.001    0.001    0.01       66    true   7.49436
 213 │     4      1.0e8   100.0    0.001    0.001    0.01       62    true   7.49436
 214 │     4      1.0e8     0.01   0.001    0.001    1.0        59    true   7.49435
 215 │     4      1.0e8     1.0    0.001    0.001    1.0        66    true   7.49435
 216 │     4      1.0e8   100.0    0.001    0.001    1.0        62    true   7.49436
Main.BiotPrecTest